../Core/Src/main.c:86:5:main	8	static
../Core/Src/main.c:192:6:SystemClock_Config	72	static
../Core/Src/main.c:231:13:MX_TIM1_Init	32	static
../Core/Src/main.c:277:13:MX_USART1_UART_Init	8	static
../Core/Src/main.c:310:13:MX_USART2_UART_Init	8	static
../Core/Src/main.c:343:13:MX_USART3_UART_Init	8	static
../Core/Src/main.c:376:13:MX_GPIO_Init	40	static
../Core/Src/main.c:417:6:TatHeThongChuaChay	8	static
../Core/Src/main.c:425:6:BatHeThongChuaChay	8	static
../Core/Src/main.c:433:6:BatHeThongCanhBao	8	static
../Core/Src/main.c:444:6:Error_Handler	4	static,ignoring_inline_asm
